// Jest Snapshot v1, https://goo.gl/fbAQLP

exports[`BaseModal Matches snapshot 1`] = `
"<transition-stub name=\\"modal-fade\\">
  <div class=\\"base-modal\\" style=\\"display: none;\\"><button data-jest=\\"base-close\\" type=\\"button\\" aria-label=\\"Close\\" class=\\"base-close btn\\"></button>
    <div class=\\"base-overlay \\"></div>
    <div class=\\"base-modal__locker\\">
      <div tabindex=\\"-1\\"></div>
      <div tabindex=\\"-1\\"></div>
      <div data-lock=\\"\\">
        <div class=\\"base-modal__wrapper\\">
          <div class=\\"base-modal__content\\"></div>
        </div>
      </div>
      <div tabindex=\\"-1\\"></div>
    </div>
  </div>
</transition-stub>"
`;
