// Jest Snapshot v1, https://goo.gl/fbAQLP

exports[`Analytics UI Matches snapshot 1`] = `
"<section class=\\"analytics\\">
  <div class=\\"container\\">
    <div class=\\"analytics__grid\\">
      <baseblock-stub title=\\"Revenue\\" class=\\"analytics__block\\">
        <baselinechart-stub chartid=\\"line-chart\\" width=\\"400\\" height=\\"400\\" cssclasses=\\"\\" plugins=\\"\\" chartdata=\\"[object Object]\\" options=\\"[object Object]\\" gradients=\\"[object Object],[object Object]\\" fallbacktext=\\"Linear graph\\"></baselinechart-stub>
      </baseblock-stub>
      <baseblock-stub title=\\"Vehicles on track\\" class=\\"analytics__block\\">
        <basestat-stub value=\\"1\\" prevvalue=\\"0\\" measure=\\"$\\" icon=\\"icon-check\\" color=\\"green\\" align=\\"row\\"></basestat-stub>
      </baseblock-stub>
      <baseblock-stub title=\\"Distance driven\\" class=\\"analytics__block\\">
        <basestat-stub value=\\"1\\" prevvalue=\\"0\\" measure=\\"mi\\" icon=\\"icon-pin\\" color=\\"blue\\" align=\\"row\\"></basestat-stub>
      </baseblock-stub>
      <baseblock-stub title=\\"Energy consumed\\" class=\\"analytics__block\\">
        <basestat-stub value=\\"1\\" prevvalue=\\"0\\" measure=\\"kWh\\" icon=\\"icon-lightning\\" color=\\"purple\\" align=\\"row\\"></basestat-stub>
      </baseblock-stub>
      <baseblock-stub title=\\"Total drive time\\" class=\\"analytics__block\\">
        <basestat-stub value=\\"1\\" prevvalue=\\"0\\" measure=\\"h\\" icon=\\"icon-graph\\" color=\\"yellow\\" align=\\"row\\"></basestat-stub>
      </baseblock-stub>
      <anonymous-stub idletimeout=\\"2000\\" whenvisible=\\"true\\">
        <baseblock-stub title=\\"Latest trips\\" class=\\"analytics__block\\">
          <baselist-stub list=\\"[object Object],[object Object]\\" limit=\\"6\\"></baselist-stub>
        </baseblock-stub>
      </anonymous-stub>
      <anonymous-stub idletimeout=\\"2000\\" whenvisible=\\"true\\">
        <baseblock-stub title=\\"Trips by weekday\\" class=\\"analytics__block\\">
          <basebargraph-stub chartid=\\"bar-chart\\" width=\\"400\\" height=\\"400\\" cssclasses=\\"\\" plugins=\\"\\" chartdata=\\"[object Object]\\" options=\\"[object Object]\\" fallbacktext=\\"Bar graph\\"></basebargraph-stub>
        </baseblock-stub>
      </anonymous-stub>
    </div>
  </div>
</section>"
`;
