// Jest Snapshot v1, https://goo.gl/fbAQLP

exports[`MapVideo Matches snapshot 1`] = `
"<div class=\\"map__video\\"><button type=\\"button\\" class=\\"map__video-play-btn btn\\"><img src=\\"/img/interior.jpg\\" alt=\\"Video\\" class=\\"map__video-play-image image\\">
    <svg-icon-stub name=\\"icon-play\\" width=\\"18\\" height=\\"20\\"></svg-icon-stub>
  </button>
  <div class=\\"map__video-content\\">
    <div class=\\"map__video-info\\"><strong class=\\"map__video-name\\">Activate interior video</strong><span class=\\"map__video-place\\">37-27 74th Street</span></div><img src=\\"/img/camera.svg\\" width=\\"24\\" height=\\"24\\" alt=\\"Camera\\" class=\\"map__video-camera image\\">
  </div>
</div>"
`;
