// Jest Snapshot v1, https://goo.gl/fbAQLP

exports[`BaseTodo Matches snapshot 1`] = `
"<div class=\\"base-todo\\">
  <ul class=\\"base-todo__list list\\">
    <li class=\\"list-item base-todo__item \\">
      <div class=\\"base-todo__actions\\"><input type=\\"checkbox\\" id=\\"EuWHWR9nIPykp0ctbTyF9\\" aria-label=\\"Toggle task with name: Meet George\\" class=\\"base-todo__checkbox visually-hidden\\" value=\\"EuWHWR9nIPykp0ctbTyF9\\"><label for=\\"EuWHWR9nIPykp0ctbTyF9\\" class=\\"base-todo__label label\\"></label></div>
      <nuxt-link-stub to=\\"/reminders/EuWHWR9nIPykp0ctbTyF9\\" class=\\"base-todo__content link\\"><strong class=\\"base-todo__name\\">Meet George</strong><time class=\\"base-todo__date base-todo__date_deadline_overdue\\">Due 2020-5-29 00:00:00</time></nuxt-link-stub>
    </li>
    <li class=\\"list-item base-todo__item \\">
      <div class=\\"base-todo__actions\\"><input type=\\"checkbox\\" id=\\"L8oQT8JDtL4XCJ2xBYkPD\\" aria-label=\\"Toggle task with name: Call peter for TPS reports\\" class=\\"base-todo__checkbox visually-hidden\\" value=\\"L8oQT8JDtL4XCJ2xBYkPD\\"><label for=\\"L8oQT8JDtL4XCJ2xBYkPD\\" class=\\"base-todo__label label\\"></label></div>
      <nuxt-link-stub to=\\"/reminders/L8oQT8JDtL4XCJ2xBYkPD\\" class=\\"base-todo__content link\\"><strong class=\\"base-todo__name\\">Call peter for TPS reports</strong><time class=\\"base-todo__date base-todo__date_deadline_on-time\\">Due 2020-6-29 00:00:00</time></nuxt-link-stub>
    </li>
    <li class=\\"list-item base-todo__item \\">
      <div class=\\"base-todo__actions\\"><input type=\\"checkbox\\" id=\\"4N9j2HBM7aiAxSEBSxdC4\\" aria-label=\\"Toggle task with name: Reply to customers\\" class=\\"base-todo__checkbox visually-hidden\\" value=\\"4N9j2HBM7aiAxSEBSxdC4\\"><label for=\\"4N9j2HBM7aiAxSEBSxdC4\\" class=\\"base-todo__label label\\"></label></div>
      <nuxt-link-stub to=\\"/reminders/4N9j2HBM7aiAxSEBSxdC4\\" class=\\"base-todo__content link\\"><strong class=\\"base-todo__name\\">Reply to customers</strong><time class=\\"base-todo__date base-todo__date_deadline_due-soon\\">Due 2020-6-1 00:00:00</time></nuxt-link-stub>
    </li>
    <li class=\\"list-item base-todo__item \\">
      <div class=\\"base-todo__actions\\"><input type=\\"checkbox\\" id=\\"4P_JW58sf9jt1c1l_JBgX\\" aria-label=\\"Toggle task with name: Review Anna's new article\\" class=\\"base-todo__checkbox visually-hidden\\" value=\\"4P_JW58sf9jt1c1l_JBgX\\"><label for=\\"4P_JW58sf9jt1c1l_JBgX\\" class=\\"base-todo__label label\\"></label></div>
      <nuxt-link-stub to=\\"/reminders/4P_JW58sf9jt1c1l_JBgX\\" class=\\"base-todo__content link\\"><strong class=\\"base-todo__name\\">Review Anna's new article</strong><time class=\\"base-todo__date base-todo__date_deadline_overdue\\">Due 2020-5-30 00:00:00</time></nuxt-link-stub>
    </li>
    <li class=\\"list-item base-todo__item \\">
      <div class=\\"base-todo__actions\\"><input type=\\"checkbox\\" id=\\"WKsDvDU9oWWvRuRVV54I4\\" aria-label=\\"Toggle task with name: Meet Pete\\" class=\\"base-todo__checkbox visually-hidden\\" value=\\"WKsDvDU9oWWvRuRVV54I4\\"><label for=\\"WKsDvDU9oWWvRuRVV54I4\\" class=\\"base-todo__label label\\"></label></div>
      <nuxt-link-stub to=\\"/reminders/WKsDvDU9oWWvRuRVV54I4\\" class=\\"base-todo__content link\\"><strong class=\\"base-todo__name\\">Meet Pete</strong><time class=\\"base-todo__date base-todo__date_deadline_overdue\\">Due 2020-5-31 17:38:08</time></nuxt-link-stub>
    </li>
    <li class=\\"list-item base-todo__item \\">
      <div class=\\"base-todo__actions\\"><input type=\\"checkbox\\" id=\\"re8kZQuFxDULtjNwZCmwY\\" aria-label=\\"Toggle task with name: Call mom\\" class=\\"base-todo__checkbox visually-hidden\\" value=\\"re8kZQuFxDULtjNwZCmwY\\"><label for=\\"re8kZQuFxDULtjNwZCmwY\\" class=\\"base-todo__label label\\"></label></div>
      <nuxt-link-stub to=\\"/reminders/re8kZQuFxDULtjNwZCmwY\\" class=\\"base-todo__content link\\"><strong class=\\"base-todo__name\\">Call mom</strong><time class=\\"base-todo__date base-todo__date_deadline_overdue\\">Due 2020-5-31 17:38:08</time></nuxt-link-stub>
    </li>
  </ul>
</div>"
`;
