// Jest Snapshot v1, https://goo.gl/fbAQLP

exports[`BaseFormGroup Matches snapshot 1`] = `
"<div class=\\"base-form-group\\">
  <div class=\\"base-form-group__heading\\"></div>
  <div class=\\"base-form-group__content\\"><input data-jest=\\"base-form-group__input\\" type=\\"text\\" aria-describedby=\\"errors-undefined\\" class=\\" base-form-group__input\\"></div>
</div>"
`;
