// Jest Snapshot v1, https://goo.gl/fbAQLP

exports[`LoginResetPassword Matches snapshot 1`] = `
"<div class=\\"login__holder\\">
  <div class=\\"login__heading\\">
    <vuecomponent-stub level=\\"3\\" class=\\"login__title\\">Reset password</vuecomponent-stub>
    <p class=\\"login__desc paragraph paragraph_color_darkgray\\">Please, enter your new password</p>
  </div>
  <form class=\\"login__form\\">
    <div class=\\"login__form-inputs\\">
      <baseformgroup-stub validator=\\"[object Object]\\" messages=\\"[object Object]\\" label=\\"New password\\" attribute=\\"\\" validatorparams=\\"[object Object]\\" type=\\"password\\" id=\\"reset-password\\" value=\\"\\" placeholder=\\"Enter your new password\\" class=\\"login__form-group\\"></baseformgroup-stub>
    </div>
    <basebutton-stub type=\\"submit\\" icon=\\"\\" theme=\\"default\\" class=\\"login__submit\\">Submit new password</basebutton-stub>
  </form>
</div>"
`;
