// Jest Snapshot v1, https://goo.gl/fbAQLP

exports[`LoginForgotPassword Matches snapshot 1`] = `
"<div class=\\"login__holder\\">
  <div class=\\"login__heading\\">
    <vuecomponent-stub level=\\"3\\" class=\\"login__title\\">Recover password</vuecomponent-stub>
    <p class=\\"login__desc paragraph paragraph_color_darkgray\\">Don't worry, happens to the best of us.</p>
  </div>
  <form class=\\"login__form\\">
    <div class=\\"login__form-inputs\\">
      <baseformgroup-stub validator=\\"[object Object]\\" messages=\\"[object Object]\\" label=\\"Email address\\" attribute=\\"\\" validatorparams=\\"[object Object]\\" type=\\"email\\" id=\\"forgot-email\\" value=\\"\\" placeholder=\\"Enter your email\\" class=\\"login__form-group\\"></baseformgroup-stub>
    </div>
    <basebutton-stub type=\\"submit\\" icon=\\"\\" theme=\\"default\\" class=\\"login__submit\\">Reset my password</basebutton-stub>
    <p class=\\"login__text paragraph\\">Back to<baselink-stub theme=\\"default\\" isbutton=\\"true\\" type=\\"button\\" class=\\"login__changer\\">Sign in</baselink-stub>
    </p>
  </form>
</div>"
`;
