// Jest Snapshot v1, https://goo.gl/fbAQLP

exports[`BaseThumbnail Matches snapshot 1`] = `"<span class=\\"base-thumbnail base-thumbnail_size_s   \\"><picture class=\\"base-thumbnail__picture picture\\"><v-lazy-image-stub src=\\"/img\\" alt=\\"alt\\" class=\\"base-thumbnail__img image\\"></v-lazy-image-stub></picture></span>"`;
