// Jest Snapshot v1, https://goo.gl/fbAQLP

exports[`Reminders UI Matches snapshot 1`] = `
"<section class=\\"reminders\\">
  <div class=\\"reminders__container container\\">
    <vuecomponent-stub level=\\"3\\" class=\\"reminders__title\\">Service Reminders</vuecomponent-stub>
    <div class=\\"reminders__grid\\">
      <baseblock-stub issimple=\\"true\\" class=\\"reminders__block\\">
        <baseboard-stub board=\\"[object Object],[object Object],[object Object],[object Object]\\"></baseboard-stub>
      </baseblock-stub>
      <!---->
      <!---->
      <!---->
    </div>
  </div>
</section>"
`;
